// Jest Snapshot v1, https://goo.gl/fbAQLP

exports[`Test in OPinput component Should display the visible icon 1`] = `
<AiOutlineEyeInvisible
  className="OBInput-container-icon"
  color="#c5d0d3"
  id="invisible-icon"
  onClick={[Function]}
  size={36}
/>
`;
